TUNED DRT n1 {'R': 5.5, 'K': 2.0, 'd_safe': 1.5, 'ants': 40, 'iterations': 50, 'label': 'a40_i50_R5.5'} 0.16666666666666669
TUNED DRSAFE n1 {'R': 4.5, 'K': 2.0, 'd_safe': 1.5, 'ants': 60, 'iterations': 50, 'label': 'a60_i50_R4.5'} 0.1211111111111111
TUNED DRT n {'R': 5.5, 'K': 2.0, 'd_safe': 1.5, 'ants': 60, 'iterations': 100, 'label': 'a60_i100_R5.5'} 0.14194444444444443
TUNED DRSAFE n {'R': 4.5, 'K': 2.0, 'd_safe': 1.5, 'ants': 60, 'iterations': 50, 'label': 'a60_i50_R4.5'} 0.14416666666666667
TUNED DRT n3 {'R': 5.5, 'K': 2.0, 'd_safe': 1.5, 'ants': 40, 'iterations': 50, 'label': 'a40_i50_R5.5'} 0.17472222222222222
TUNED DRSAFE n3 {'R': 3.5, 'K': 2.0, 'd_safe': 1.5, 'ants': 20, 'iterations': 50, 'label': 'a20_i50_R3.5'} 0.15444444444444447
CONF DRT n1 50 / 300
CONF DRT n1 100 / 300
CONF DRT n1 150 / 300
CONF DRT n1 200 / 300
CONF DRT n1 250 / 300
CONF DRT n1 300 / 300
CONF DRSAFE n1 50 / 300
CONF DRSAFE n1 100 / 300
CONF DRSAFE n1 150 / 300
CONF DRSAFE n1 200 / 300
CONF DRSAFE n1 250 / 300
CONF DRSAFE n1 300 / 300
CONF DRT n 50 / 300
CONF DRT n 100 / 300
CONF DRT n 150 / 300
CONF DRT n 200 / 300
CONF DRT n 250 / 300
CONF DRT n 300 / 300
CONF DRSAFE n 50 / 300
CONF DRSAFE n 100 / 300
CONF DRSAFE n 150 / 300
CONF DRSAFE n 200 / 300
CONF DRSAFE n 250 / 300
CONF DRSAFE n 300 / 300
CONF DRT n3 50 / 300
CONF DRT n3 100 / 300
CONF DRT n3 150 / 300
CONF DRT n3 200 / 300
CONF DRT n3 250 / 300
CONF DRT n3 300 / 300
CONF DRSAFE n3 50 / 300
CONF DRSAFE n3 100 / 300
CONF DRSAFE n3 150 / 300
CONF DRSAFE n3 200 / 300
CONF DRSAFE n3 250 / 300
CONF DRSAFE n3 300 / 300
